// Jest Snapshot v1, https://goo.gl/fbAQLP

exports[`matches snapshot 1`] = `
<div
  className="container"
>
  <h2>
    Let's do some math!
  </h2>
  <div
    className="calculator-container"
  >
    <div
      className="display"
      id="display"
    >
      0
    </div>
    <div
      className="grid-container"
      id="button-grid"
    >
      <button
        className="grid-button operator"
        onClick={[Function]}
        type="button"
      >
        AC
      </button>
      <button
        className="grid-button operator"
        onClick={[Function]}
        type="button"
      >
        +/-
      </button>
      <button
        className="grid-button operator"
        onClick={[Function]}
        type="button"
      >
        %
      </button>
      <button
        className="grid-button operator column-4"
        onClick={[Function]}
        type="button"
      >
        รท
      </button>
      <button
        className="grid-button number"
        onClick={[Function]}
        type="button"
      >
        7
      </button>
      <button
        className="grid-button number"
        onClick={[Function]}
        type="button"
      >
        8
      </button>
      <button
        className="grid-button number"
        onClick={[Function]}
        type="button"
      >
        9
      </button>
      <button
        className="grid-button operator column-4"
        onClick={[Function]}
        type="button"
      >
        x
      </button>
      <button
        className="grid-button number"
        onClick={[Function]}
        type="button"
      >
        4
      </button>
      <button
        className="grid-button number"
        onClick={[Function]}
        type="button"
      >
        5
      </button>
      <button
        className="grid-button number"
        onClick={[Function]}
        type="button"
      >
        6
      </button>
      <button
        className="grid-button operator column-4"
        onClick={[Function]}
        type="button"
      >
        -
      </button>
      <button
        className="grid-button number"
        onClick={[Function]}
        type="button"
      >
        1
      </button>
      <button
        className="grid-button number"
        onClick={[Function]}
        type="button"
      >
        2
      </button>
      <button
        className="grid-button number"
        onClick={[Function]}
        type="button"
      >
        3
      </button>
      <button
        className="grid-button operator column-4"
        onClick={[Function]}
        type="button"
      >
        +
      </button>
      <button
        className="grid-button number"
        id="zero"
        onClick={[Function]}
        type="button"
      >
        0
      </button>
      <button
        className="grid-button number"
        onClick={[Function]}
        type="button"
      >
        .
      </button>
      <button
        className="grid-button operator column-4"
        onClick={[Function]}
        type="button"
      >
        =
      </button>
    </div>
  </div>
</div>
`;
