// Jest Snapshot v1, https://goo.gl/fbAQLP

exports[`renders when there is quote 1`] = `
<div
  className="container"
>
  <p
    className="quote"
  >
    <blockquote>
      "Mathematics is the language with which God has written the universe."
    </blockquote>
     
    â€” Galileo Galilei
  </p>
</div>
`;
